00:00 +0: loading C:/projects/mysched/test/settings_test.dart
00:00 +0: SettingsPage renders without crashing
[MySched][DEBUG][ProfileCache] Refreshed | count=1
ΓòÉΓòÉΓòí EXCEPTION CAUGHT BY WIDGETS LIBRARY Γò₧ΓòÉΓòÉΓòÉΓòÉΓòÉΓòÉΓòÉΓòÉΓòÉΓòÉΓòÉΓòÉΓòÉΓòÉΓòÉΓòÉΓòÉΓòÉΓòÉΓòÉΓòÉΓòÉΓòÉΓòÉΓòÉΓòÉΓòÉΓòÉΓòÉΓòÉΓòÉΓòÉΓòÉΓòÉΓòÉΓòÉΓòÉΓòÉΓòÉΓòÉΓòÉΓòÉΓòÉΓòÉΓòÉΓòÉΓòÉΓòÉΓòÉΓòÉΓòÉΓòÉΓòÉΓòÉΓòÉΓòÉΓòÉΓòÉΓòÉ
The following assertion was thrown building Builder:
You must initialize the supabase instance before calling Supabase.instance
'package:supabase_flutter/src/supabase.dart':
Failed assertion: line 45 pos 7: '_instance._isInitialized'

The relevant error-causing widget was:
  MaterialApp MaterialApp:file:///C:/projects/mysched/test/settings_test.dart:20:13

When the exception was thrown, this was the stack:
#2      Supabase.instance (package:supabase_flutter/src/supabase.dart:45:7)
#3      new AdminService._ (package:mysched/services/admin_service.dart:126:38)
#4      AdminService.instance (package:mysched/services/admin_service.dart:131:32)
#5      SettingsController._bootstrapAdminState (package:mysched/screens/settings/settings_controller.dart:158:18)
#6      SettingsController._init (package:mysched/screens/settings/settings_controller.dart:100:5)
#7      new SettingsController (package:mysched/screens/settings/settings_controller.dart:15:5)
#8      _SettingsPageState.initState (package:mysched/screens/settings/settings_screen.dart:43:19)
#9      StatefulElement._firstBuild (package:flutter/src/widgets/framework.dart:5852:55)
#10     ComponentElement.mount (package:flutter/src/widgets/framework.dart:5699:5)
...     Normal element mounting (228 frames)
#238    Element.inflateWidget (package:flutter/src/widgets/framework.dart:4548:16)
#239    MultiChildRenderObjectElement.inflateWidget (package:flutter/src/widgets/framework.dart:7169:36)
#240    MultiChildRenderObjectElement.mount (package:flutter/src/widgets/framework.dart:7185:32)
...     Normal element mounting (465 frames)
#705    Element.inflateWidget (package:flutter/src/widgets/framework.dart:4548:16)
#706    Element.updateChild (package:flutter/src/widgets/framework.dart:3998:20)
#707    ComponentElement.performRebuild (package:flutter/src/widgets/framework.dart:5747:16)
#708    Element.rebuild (package:flutter/src/widgets/framework.dart:5435:7)
#709    ProxyElement.update (package:flutter/src/widgets/framework.dart:6051:5)
#710    _InheritedNotifierElement.update (package:flutter/src/widgets/inherited_notifier.dart:108:11)
#711    Element.updateChild (package:flutter/src/widgets/framework.dart:3982:15)
#712    ComponentElement.performRebuild (package:flutter/src/widgets/framework.dart:5747:16)
#713    StatefulElement.performRebuild (package:flutter/src/widgets/framework.dart:5884:11)
#714    Element.rebuild (package:flutter/src/widgets/framework.dart:5435:7)
#715    StatefulElement.update (package:flutter/src/widgets/framework.dart:5909:5)
#716    Element.updateChild (package:flutter/src/widgets/framework.dart:3982:15)
#717    ComponentElement.performRebuild (package:flutter/src/widgets/framework.dart:5747:16)
#718    Element.rebuild (package:flutter/src/widgets/framework.dart:5435:7)
#719    ProxyElement.update (package:flutter/src/widgets/framework.dart:6051:5)
#720    _InheritedNotifierElement.update (package:flutter/src/widgets/inherited_notifier.dart:108:11)
#721    Element.updateChild (package:flutter/src/widgets/framework.dart:3982:15)
#722    ComponentElement.performRebuild (package:flutter/src/widgets/framework.dart:5747:16)
#723    StatefulElement.performRebuild (package:flutter/src/widgets/framework.dart:5884:11)
#724    Element.rebuild (package:flutter/src/widgets/framework.dart:5435:7)
#725    StatefulElement.update (package:flutter/src/widgets/framework.dart:5909:5)
#726    Element.updateChild (package:flutter/src/widgets/framework.dart:3982:15)
#727    ComponentElement.performRebuild (package:flutter/src/widgets/framework.dart:5747:16)
#728    StatefulElement.performRebuild (package:flutter/src/widgets/framework.dart:5884:11)
#729    Element.rebuild (package:flutter/src/widgets/framework.dart:5435:7)
#730    StatefulElement.update (package:flutter/src/widgets/framework.dart:5909:5)
#731    Element.updateChild (package:flutter/src/widgets/framework.dart:3982:15)
#732    ComponentElement.performRebuild (package:flutter/src/widgets/framework.dart:5747:16)
#733    Element.rebuild (package:flutter/src/widgets/framework.dart:5435:7)
#734    ProxyElement.update (package:flutter/src/widgets/framework.dart:6051:5)
#735    Element.updateChild (package:flutter/src/widgets/framework.dart:3982:15)
#736    ComponentElement.performRebuild (package:flutter/src/widgets/framework.dart:5747:16)
#737    StatefulElement.performRebuild (package:flutter/src/widgets/framework.dart:5884:11)
#738    Element.rebuild (package:flutter/src/widgets/framework.dart:5435:7)
#739    StatefulElement.update (package:flutter/src/widgets/framework.dart:5909:5)
#740    Element.updateChild (package:flutter/src/widgets/framework.dart:3982:15)
#741    ComponentElement.performRebuild (package:flutter/src/widgets/framework.dart:5747:16)
#742    Element.rebuild (package:flutter/src/widgets/framework.dart:5435:7)
#743    ProxyElement.update (package:flutter/src/widgets/framework.dart:6051:5)
#744    Element.updateChild (package:flutter/src/widgets/framework.dart:3982:15)
#745    ComponentElement.performRebuild (package:flutter/src/widgets/framework.dart:5747:16)
#746    Element.rebuild (package:flutter/src/widgets/framework.dart:5435:7)
#747    ProxyElement.update (package:flutter/src/widgets/framework.dart:6051:5)
#748    Element.updateChild (package:flutter/src/widgets/framework.dart:3982:15)
#749    _RawViewElement._updateChild (package:flutter/src/widgets/view.dart:481:16)
#750    _RawViewElement.update (package:flutter/src/widgets/view.dart:568:5)
#751    Element.updateChild (package:flutter/src/widgets/framework.dart:3982:15)
#752    ComponentElement.performRebuild (package:flutter/src/widgets/framework.dart:5747:16)
#753    Element.rebuild (package:flutter/src/widgets/framework.dart:5435:7)
#754    StatelessElement.update (package:flutter/src/widgets/framework.dart:5797:5)
#755    Element.updateChild (package:flutter/src/widgets/framework.dart:3982:15)
#756    ComponentElement.performRebuild (package:flutter/src/widgets/framework.dart:5747:16)
#757    StatefulElement.performRebuild (package:flutter/src/widgets/framework.dart:5884:11)
#758    Element.rebuild (package:flutter/src/widgets/framework.dart:5435:7)
#759    StatefulElement.update (package:flutter/src/widgets/framework.dart:5909:5)
#760    Element.updateChild (package:flutter/src/widgets/framework.dart:3982:15)
#761    RootElement._rebuild (package:flutter/src/widgets/binding.dart:1716:16)
#762    RootElement.update (package:flutter/src/widgets/binding.dart:1694:5)
#763    RootElement.performRebuild (package:flutter/src/widgets/binding.dart:1708:7)
#764    Element.rebuild (package:flutter/src/widgets/framework.dart:5435:7)
#765    BuildScope._tryRebuild (package:flutter/src/widgets/framework.dart:2695:15)
#766    BuildScope._flushDirtyElements (package:flutter/src/widgets/framework.dart:2752:11)
#767    BuildOwner.buildScope (package:flutter/src/widgets/framework.dart:3056:18)
#768    AutomatedTestWidgetsFlutterBinding.drawFrame (package:flutter_test/src/binding.dart:1506:19)
#769    RendererBinding._handlePersistentFrameCallback (package:flutter/src/rendering/binding.dart:495:5)
#770    SchedulerBinding._invokeFrameCallback (package:flutter/src/scheduler/binding.dart:1434:15)
#771    SchedulerBinding.handleDrawFrame (package:flutter/src/scheduler/binding.dart:1347:9)
#772    AutomatedTestWidgetsFlutterBinding.pump.<anonymous closure> (package:flutter_test/src/binding.dart:1335:9)
#775    TestAsyncUtils.guard (package:flutter_test/src/test_async_utils.dart:74:41)
#776    AutomatedTestWidgetsFlutterBinding.pump (package:flutter_test/src/binding.dart:1324:27)
#777    WidgetTester.pumpWidget.<anonymous closure> (package:flutter_test/src/widget_tester.dart:598:22)
#780    TestAsyncUtils.guard (package:flutter_test/src/test_async_utils.dart:74:41)
#781    WidgetTester.pumpWidget (package:flutter_test/src/widget_tester.dart:595:27)
#782    main.<anonymous closure> (file:///C:/projects/mysched/test/settings_test.dart:19:18)
#783    testWidgets.<anonymous closure>.<anonymous closure> (package:flutter_test/src/widget_tester.dart:192:29)
<asynchronous suspension>
#784    TestWidgetsFlutterBinding._runTestBody (package:flutter_test/src/binding.dart:1059:5)
<asynchronous suspension>
<asynchronous suspension>
(elided 7 frames from class _AssertionError, dart:async, and package:stack_trace)

ΓòÉΓòÉΓòÉΓòÉΓòÉΓòÉΓòÉΓòÉΓòÉΓòÉΓòÉΓòÉΓòÉΓòÉΓòÉΓòÉΓòÉΓòÉΓòÉΓòÉΓòÉΓòÉΓòÉΓòÉΓòÉΓòÉΓòÉΓòÉΓòÉΓòÉΓòÉΓòÉΓòÉΓòÉΓòÉΓòÉΓòÉΓòÉΓòÉΓòÉΓòÉΓòÉΓòÉΓòÉΓòÉΓòÉΓòÉΓòÉΓòÉΓòÉΓòÉΓòÉΓòÉΓòÉΓòÉΓòÉΓòÉΓòÉΓòÉΓòÉΓòÉΓòÉΓòÉΓòÉΓòÉΓòÉΓòÉΓòÉΓòÉΓòÉΓòÉΓòÉΓòÉΓòÉΓòÉΓòÉΓòÉΓòÉΓòÉΓòÉΓòÉΓòÉΓòÉΓòÉΓòÉΓòÉΓòÉΓòÉΓòÉΓòÉΓòÉΓòÉΓòÉΓòÉΓòÉΓòÉΓòÉΓòÉΓòÉΓòÉ
ΓòÉΓòÉΓòí EXCEPTION CAUGHT BY FLUTTER TEST FRAMEWORK Γò₧ΓòÉΓòÉΓòÉΓòÉΓòÉΓòÉΓòÉΓòÉΓòÉΓòÉΓòÉΓòÉΓòÉΓòÉΓòÉΓòÉΓòÉΓòÉΓòÉΓòÉΓòÉΓòÉΓòÉΓòÉΓòÉΓòÉΓòÉΓòÉΓòÉΓòÉΓòÉΓòÉΓòÉΓòÉΓòÉΓòÉΓòÉΓòÉΓòÉΓòÉΓòÉΓòÉΓòÉΓòÉΓòÉΓòÉΓòÉΓòÉΓòÉΓòÉΓòÉΓòÉ
The following TestFailure was thrown running a test:
Expected: exactly one matching candidate
  Actual: _TypeWidgetFinder:<Found 0 widgets with type "SettingsPage": []>
   Which: means none were found but one was expected

When the exception was thrown, this was the stack:
#4      main.<anonymous closure> (file:///C:/projects/mysched/test/settings_test.dart:28:5)
<asynchronous suspension>
#5      testWidgets.<anonymous closure>.<anonymous closure> (package:flutter_test/src/widget_tester.dart:192:15)
<asynchronous suspension>
#6      TestWidgetsFlutterBinding._runTestBody (package:flutter_test/src/binding.dart:1059:5)
<asynchronous suspension>
<asynchronous suspension>
(elided one frame from package:stack_trace)

This was caught by the test expectation on the following line:
  file:///C:/projects/mysched/test/settings_test.dart line 28
The test description was:
  SettingsPage renders without crashing
ΓòÉΓòÉΓòÉΓòÉΓòÉΓòÉΓòÉΓòÉΓòÉΓòÉΓòÉΓòÉΓòÉΓòÉΓòÉΓòÉΓòÉΓòÉΓòÉΓòÉΓòÉΓòÉΓòÉΓòÉΓòÉΓòÉΓòÉΓòÉΓòÉΓòÉΓòÉΓòÉΓòÉΓòÉΓòÉΓòÉΓòÉΓòÉΓòÉΓòÉΓòÉΓòÉΓòÉΓòÉΓòÉΓòÉΓòÉΓòÉΓòÉΓòÉΓòÉΓòÉΓòÉΓòÉΓòÉΓòÉΓòÉΓòÉΓòÉΓòÉΓòÉΓòÉΓòÉΓòÉΓòÉΓòÉΓòÉΓòÉΓòÉΓòÉΓòÉΓòÉΓòÉΓòÉΓòÉΓòÉΓòÉΓòÉΓòÉΓòÉΓòÉΓòÉΓòÉΓòÉΓòÉΓòÉΓòÉΓòÉΓòÉΓòÉΓòÉΓòÉΓòÉΓòÉΓòÉΓòÉΓòÉΓòÉΓòÉΓòÉ
ΓòÉΓòÉΓòí EXCEPTION CAUGHT BY FLUTTER TEST FRAMEWORK Γò₧ΓòÉΓòÉΓòÉΓòÉΓòÉΓòÉΓòÉΓòÉΓòÉΓòÉΓòÉΓòÉΓòÉΓòÉΓòÉΓòÉΓòÉΓòÉΓòÉΓòÉΓòÉΓòÉΓòÉΓòÉΓòÉΓòÉΓòÉΓòÉΓòÉΓòÉΓòÉΓòÉΓòÉΓòÉΓòÉΓòÉΓòÉΓòÉΓòÉΓòÉΓòÉΓòÉΓòÉΓòÉΓòÉΓòÉΓòÉΓòÉΓòÉΓòÉΓòÉΓòÉ
The following message was thrown:
Multiple exceptions (2) were detected during the running of the current test, and at least one was
unexpected.
ΓòÉΓòÉΓòÉΓòÉΓòÉΓòÉΓòÉΓòÉΓòÉΓòÉΓòÉΓòÉΓòÉΓòÉΓòÉΓòÉΓòÉΓòÉΓòÉΓòÉΓòÉΓòÉΓòÉΓòÉΓòÉΓòÉΓòÉΓòÉΓòÉΓòÉΓòÉΓòÉΓòÉΓòÉΓòÉΓòÉΓòÉΓòÉΓòÉΓòÉΓòÉΓòÉΓòÉΓòÉΓòÉΓòÉΓòÉΓòÉΓòÉΓòÉΓòÉΓòÉΓòÉΓòÉΓòÉΓòÉΓòÉΓòÉΓòÉΓòÉΓòÉΓòÉΓòÉΓòÉΓòÉΓòÉΓòÉΓòÉΓòÉΓòÉΓòÉΓòÉΓòÉΓòÉΓòÉΓòÉΓòÉΓòÉΓòÉΓòÉΓòÉΓòÉΓòÉΓòÉΓòÉΓòÉΓòÉΓòÉΓòÉΓòÉΓòÉΓòÉΓòÉΓòÉΓòÉΓòÉΓòÉΓòÉΓòÉΓòÉ
00:00 +0 -1: SettingsPage renders without crashing [E]
  Test failed. See exception logs above.
  The test description was: SettingsPage renders without crashing
  
00:00 +0 -1: Some tests failed.
